Starting test...

=== RESULTS ===
Articles found: 0